// Jest Snapshot v1, https://goo.gl/fbAQLP

exports[`<AddressMevLookup /> renders successfully 1`] = `
<body>
  <div>
    <div
      class="flex flex-col gap-2"
    >
      <div
        class="h-12 p-2 md:max-w-2xl w-full bg-brand-60 border border-brand-40 hover:border-brand-30 flex flex-row items-center"
      >
        <div
          class="flex items-center w-full"
        >
          <span
            class="font-secondary text-lg leading-6 tracking-normal text-brand-30 select-none mr-3"
          >
            &gt;
          </span>
          <div
            class="font-secondary text-lg max-md:text-xs leading-6 w-full text-brand-30 uppercase cursor-text"
          >
            Enter or
             
            <button
              class="uppercase font-secondary button text-lg leading-6 tracking-normal underline bg-brand-50 text-brand-20 hover:bg-brand-50 focus:outline-none active:ring-[1px] active:bg-brand-50 active:ring-brand-20 active:ring-offset-[3px] active:ring-offset-black disabled:active:bg-brand-50 px-3 py-1 max-md:text-xs"
            >
              Paste
            </button>
             
            Solana address...
          </div>
        </div>
      </div>
    </div>
  </div>
</body>
`;
