// Jest Snapshot v1, https://goo.gl/fbAQLP

exports[`<BrutalMevExtractionsLiveEvidence /> renders successfully 1`] = `
<body>
  <div>
    <div>
      <h2
        class="text-3xl uppercase text-brand-30 font-primary mb-4"
      >
        Brutal MEV Extractions 
        <span
          class="text-brand-20"
        >
          Live Evidence
        </span>
      </h2>
      <div
        class="flex flex-col md:flex-row gap-4"
      >
        <div
          class="flex-1 flex overflow-hidden flex-col p-4 uppercase leading-none bg-brand-60"
        >
          <h3
            class="text-lg text-brand-30"
          >
            Case 
            1
          </h3>
          <span
            class="text-lg text-brand-30"
          >
            Token: 
            TRUMP
          </span>
          <span
            class="text-lg text-brand-30 mb-4"
          >
            Date: 
            2024-03-26 12:00 GMT+0
          </span>
          <hr
            class="border-brand-40 mb-4"
          />
          <span
            class="text-3xl mb-2"
          >
            50
             SOL Lost
          </span>
          <div
            class="text-lg flex min-w-0 flex-grow-0 overflow-hidden mb-2"
          >
            <div
              class="overflow-hidden"
              style="width: 50%;"
            >
              ██████████████████████████████
            </div>
            <div
              class="overflow-hidden"
              style="width: 50%;"
            >
              ░░░░░░░░░░░░░░░░░░░░░░░░░░░░░░
            </div>
          </div>
          <span
            class="text-lg text-brand-20"
          >
            50
            % Extracted
          </span>
          <span
            class="text-lg text-brand-30 mb-4"
          >
            From a 
            100
             SOL Transaction
          </span>
          <hr
            class="border-brand-40 mb-4"
          />
          <a
            class="text-lg text-brand-30 underline"
            href="#"
          >
            View Attack Breakdown
          </a>
        </div>
        <div
          class="flex-1 flex overflow-hidden flex-col p-4 uppercase leading-none bg-brand-60"
        >
          <h3
            class="text-lg text-brand-30"
          >
            Case 
            2
          </h3>
          <span
            class="text-lg text-brand-30"
          >
            Token: 
            TRUMP
          </span>
          <span
            class="text-lg text-brand-30 mb-4"
          >
            Date: 
            2024-03-28 12:00 GMT+0
          </span>
          <hr
            class="border-brand-40 mb-4"
          />
          <span
            class="text-3xl mb-2"
          >
            10
             SOL Lost
          </span>
          <div
            class="text-lg flex min-w-0 flex-grow-0 overflow-hidden mb-2"
          >
            <div
              class="overflow-hidden"
              style="width: 5%;"
            >
              ██████████████████████████████
            </div>
            <div
              class="overflow-hidden"
              style="width: 95%;"
            >
              ░░░░░░░░░░░░░░░░░░░░░░░░░░░░░░
            </div>
          </div>
          <span
            class="text-lg text-brand-20"
          >
            5
            % Extracted
          </span>
          <span
            class="text-lg text-brand-30 mb-4"
          >
            From a 
            200
             SOL Transaction
          </span>
          <hr
            class="border-brand-40 mb-4"
          />
          <a
            class="text-lg text-brand-30 underline"
            href="#"
          >
            View Attack Breakdown
          </a>
        </div>
      </div>
    </div>
  </div>
</body>
`;
