// Jest Snapshot v1, https://goo.gl/fbAQLP

exports[`<Header /> renders successfully 1`] = `
<body>
  <div>
    <header
      class="flex flex-row justify-between items-center z-20 mb-20"
    >
      <div
        class="flex items-center justify-between gap-x-[11px]"
      >
        <a
          class="active:opacity-80"
          href="/"
          title="Darklake.fi"
        >
          <img
            alt="darklake logo"
            data-nimg="1"
            decoding="async"
            height="24"
            loading="lazy"
            src="/images/logo-h-darklake-beta.svg"
            style="color: transparent;"
            width="213"
          />
        </a>
      </div>
    </header>
  </div>
</body>
`;
